$0100 : PWM_Level                        : 1 bytes : D:\work\CC1101-Module\testCC1101\ab_project_source\PWM.alg
$0101 : PWM_Pos                          : 1 bytes : D:\work\CC1101-Module\testCC1101\ab_project_source\PWM.alg
$0102 : PWM_Effect_Counter               : 2 bytes : D:\work\CC1101-Module\testCC1101\ab_project_source\PWM.alg
$0104 : RND                              : 1 bytes : D:\work\CC1101-Module\testCC1101\ab_project_source\RND.alg
$0105 : UART_Z_temp                      : 2 bytes : D:\work\CC1101-Module\testCC1101\ab_project_source\UART.alg
$0107 : UART_Receive_Buffer              : 1 bytes : D:\work\CC1101-Module\testCC1101\ab_project_source\UART.alg
$0128 : UART_Receive_Buffer_Pointer      : 2 bytes : D:\work\CC1101-Module\testCC1101\ab_project_source\UART.alg
$012A : UART_Transmit_Buffer             : 1 bytes : D:\work\CC1101-Module\testCC1101\ab_project_source\UART.alg
$014A : UART_Transmit_IN_Buffer_Pointer  : 2 bytes : D:\work\CC1101-Module\testCC1101\ab_project_source\UART.alg
$014C : UART_Transmit_OUT_Buffer_Pointer : 2 bytes : D:\work\CC1101-Module\testCC1101\ab_project_source\UART.alg
$014E : STimer_Counter                   : 1 bytes : D:\work\CC1101-Module\testCC1101\ab_project_source\STimer.alg
$0150 : STimer_Counter_Stop              : 1 bytes : D:\work\CC1101-Module\testCC1101\ab_project_source\STimer.alg
$0152 : PRINT_Z_temp                     : 2 bytes : D:\work\CC1101-Module\testCC1101\ab_project_source\Print.alg
$0154 : PRINT_Dec0_Flag                  : 1 bytes : D:\work\CC1101-Module\testCC1101\ab_project_source\Print.alg
$0155 : ccRadio_pacTx                    : 1 bytes : D:\work\CC1101-Module\testCC1101\ab_project_source\ccRadio.alg
$0165 : ccRadio_pacRx                    : 1 bytes : D:\work\CC1101-Module\testCC1101\ab_project_source\ccRadio.alg
$0175 : ccRadio_status                   : 1 bytes : D:\work\CC1101-Module\testCC1101\ab_project_source\ccRadio.alg
$0176 : ccRadio_RSSI                     : 1 bytes : D:\work\CC1101-Module\testCC1101\ab_project_source\ccRadio.alg
$0177 : ccRadio_LQI                      : 1 bytes : D:\work\CC1101-Module\testCC1101\ab_project_source\ccRadio.alg
